// Vitest Snapshot v1, https://vitest.dev/guide/snapshot.html

exports[`Matches snapshot 1`] = `
<DocumentFragment>
  <div
    class="home mt-24 grid space-y-10 md:mt-0 md:grid-cols-2 md:gap-x-6 md:space-y-0"
  >
    <div
      class="flex flex-col space-y-6"
    >
      <h1
        class="text-3xl font-bold"
      >
        Capture life's precious moments with heartfelt messages that last.
      </h1>
      <p>
        Create personalized messages for birthdays, anniversaries, holidays, or any special occasion. Set them to deliver automatically and cherish memories forever.
      </p>
    </div>
    <img
      alt="A girl sending wishes"
      class="md:row-span-2"
      src="/src/assets/hero.svg"
    />
    <div
      class="flex flex-col space-y-6 md:row-start-2 md:row-end-2"
    >
      <h2
        class="text-xl"
      >
        Sign up for free and start sending memorable messages today!
      </h2>
      <a
        class="inline-flex items-center justify-center whitespace-nowrap rounded-md text-sm font-medium ring-offset-background transition-colors focus-visible:outline-none focus-visible:ring-2 focus-visible:ring-ring focus-visible:ring-offset-2 disabled:pointer-events-none disabled:opacity-50 bg-primary text-primary-foreground hover:bg-primary/90 h-10 px-4 py-2 w-fit"
        href="/signup"
      >
        Sign Up
      </a>
    </div>
  </div>
</DocumentFragment>
`;
